<html>
<body>
<pre>
<h1>µVision Build Log</h1>
<h2>Tool Versions:</h2>
IDE-Version: ¦ÌVision V5.31.0.0
Copyright (C) 2020 ARM Ltd and ARM Germany GmbH. All rights reserved.
License Information: sd sa, sa, LIC=----
 
Tool Versions:
Toolchain:       MDK-Lite  Version: 5.31.0.0
Toolchain Path:  C:\Keil_v5\ARM\ARMCC\Bin
C Compiler:      Armcc.exe V5.06 update 6 (build 750)
Assembler:       Armasm.exe V5.06 update 6 (build 750)
Linker/Locator:  ArmLink.exe V5.06 update 6 (build 750)
Library Manager: ArmAr.exe V5.06 update 6 (build 750)
Hex Converter:   FromElf.exe V5.06 update 6 (build 750)
CPU DLL:         SARMCM3.DLL V5.31.0.0
Dialog DLL:      DCM.DLL V1.17.3.0
Target DLL:      STLink\ST-LINKIII-KEIL_SWO.dll V3.0.7.0
Dialog DLL:      TCM.DLL V1.46.0.0
 
<h2>Project:</h2>
C:\Users\22060\Desktop\STM32F334R8_L610\mdk\Project.uvprojx
Project File Date:  10/30/2020

<h2>Output:</h2>
*** Using Compiler 'V5.06 update 6 (build 750)', folder: 'C:\Keil_v5\ARM\ARMCC\Bin'
Build target 'STM32F334R8-Nucleo'
compiling mian.c...
compiling L610_TCP.c...
compiling L610_init.c...
compiling L610_Ali.c...
compiling ESP8266.c...
linking...
Program Size: Code=9806 RO-data=862 RW-data=16 ZI-data=3024  
"STM32F334R8-Nucleo\STM32F334R8-Nucleo.axf" - 0 Error(s), 0 Warning(s).

<h2>Software Packages used:</h2>

Package Vendor: ARM
                http://www.keil.com/pack/ARM.CMSIS.5.7.0.pack
                ARM.CMSIS.5.7.0
                CMSIS (Cortex Microcontroller Software Interface Standard)
   * Component: CORE Version: 5.4.0

Package Vendor: Keil
                http://www.keil.com/pack/Keil.STM32F3xx_DFP.2.1.0.pack
                Keil.STM32F3xx_DFP.2.1.0
                STMicroelectronics STM32F3 Series Device Support and Examples

<h2>Collection of Component include folders:</h2>
  .\RTE\_STM32F334R8-Nucleo
  C:\Users\22060\AppData\Local\Arm\Packs\ARM\CMSIS\5.7.0\CMSIS\Core\Include
  C:\Users\22060\AppData\Local\Arm\Packs\Keil\STM32F3xx_DFP\2.1.0\Drivers\CMSIS\Device\ST\STM32F3xx\Include

<h2>Collection of Component Files used:</h2>

   * Component: ARM::CMSIS:CORE:5.4.0
Build Time Elapsed:  00:00:05
</pre>
</body>
</html>
